service_name: "test_service"
allocate_operation {
  operation_id: "operation_id"
  method_name: "operation_name"
  consumer_id: "api_key:api_key_x"
  labels {
    key: "servicecontrol.googleapis.com/android_cert_fingerprint"
    value: "AIzaSyB4Gz8nyaSaWo63IPUcy5d_L8dpKtOTSD0"
  }
  labels {
    key: "servicecontrol.googleapis.com/android_package_name"
    value: "com.google.cloud"
  }
  labels {
    key: "servicecontrol.googleapis.com/caller_ip"
    value: "1.2.3.4"
  }
  labels {
    key: "servicecontrol.googleapis.com/ios_bundle_id"
    value: "5b40ad6af9a806305a0a56d7cb91b82a27c26909"
  }
  labels {
    key: "servicecontrol.googleapis.com/referer"
    value: "referer"
  }
  labels {
    key: "servicecontrol.googleapis.com/service_agent"
    value: "ESP/{{service_agent_version}}"
  }
  labels {
    key: "servicecontrol.googleapis.com/user_agent"
    value: "ESP"
  }
  quota_metrics {
    metric_name: "metric_first"
    metric_values {
      int64_value: 1
    }
  }
  quota_metrics {
    metric_name: "metric_second"
    metric_values {
      int64_value: 2
    }
  }
  quota_mode: BEST_EFFORT
}
service_config_id: "2016-09-19r0"
