service_name: "test_service"
operation {
  operation_id: "operation_id"
  operation_name: "operation_name"
  consumer_id: "api_key:api_key_x"
  start_time {
    seconds: 100000
    nanos: 100000
  }
  end_time {
    seconds: 100000
    nanos: 100000
  }
  labels {
    key: "servicecontrol.googleapis.com/caller_ip"
    value: "1.2.3.4"
  }
  labels {
    key: "servicecontrol.googleapis.com/referer"
    value: "referer"
  }
  labels {
    key: "servicecontrol.googleapis.com/service_agent"
    value: "ESP/{{service_agent_version}}"
  }
  labels {
    key: "servicecontrol.googleapis.com/user_agent"
    value: "ESP"
  }
}
service_config_id: "2016-09-19r0"
