service_name: "test_service"
operations {
  operation_id: "operation_id"
  operation_name: "operation_name"
  consumer_id: "api_key:api_key_x"
  start_time {
    seconds: 100000
    nanos: 100000
  }
  end_time {
    seconds: 100000
    nanos: 100000
  }
  labels {
    key: "/credential_id"
    value: "apikey:api_key_x"
  }
  labels {
    key: "/protocol"
    value: "http"
  }
  labels {
    key: "/referer"
    value: "referer"
  }
  labels {
    key: "cloud.googleapis.com/location"
    value: "us-central"
  }
  labels {
    key: "servicecontrol.googleapis.com/platform"
    value: "GKE"
  }
  labels {
    key: "servicecontrol.googleapis.com/service_agent"
    value: "ESP/{{service_agent_version}}"
  }
  labels {
    key: "servicecontrol.googleapis.com/user_agent"
    value: "ESP"
  }
  labels {
    key: "serviceruntime.googleapis.com/api_method"
    value: "api-method"
  }
  labels {
    key: "serviceruntime.googleapis.com/api_version"
    value: "api-version"
  }
  metric_value_sets {
    metric_name: "serviceruntime.googleapis.com/api/consumer/request_bytes"
    metric_values {
      int64_value: 100
    }
  }
  metric_value_sets {
    metric_name: "serviceruntime.googleapis.com/api/consumer/response_bytes"
    metric_values {
      int64_value: 1048576
    }
  }
  metric_value_sets {
    metric_name: "serviceruntime.googleapis.com/api/producer/request_bytes"
    metric_values {
      int64_value: 100
    }
  }
  metric_value_sets {
    metric_name: "serviceruntime.googleapis.com/api/producer/response_bytes"
    metric_values {
      int64_value: 1048576
    }
  }
}
service_config_id: "2016-09-19r0"
