service_name: "test_service"
operations {
  operation_id: "operation_id"
  operation_name: "operation_name"
  start_time {
    seconds: 100000
    nanos: 100000
  }
  end_time {
    seconds: 100000
    nanos: 100000
  }
  labels {
    key: "/credential_id"
    value: "jwtauth:issuer=YXV0aC1pc3N1ZXI&audience=YXV0aC1hdWRpZW5jZQ"
  }
  labels {
    key: "/error_type"
    value: "4xx"
  }
  labels {
    key: "/protocol"
    value: "http"
  }
  labels {
    key: "/referer"
    value: "referer"
  }
  labels {
    key: "/response_code"
    value: "401"
  }
  labels {
    key: "/response_code_class"
    value: "4xx"
  }
  labels {
    key: "/status_code"
    value: "16"
  }
  labels {
    key: "cloud.googleapis.com/location"
    value: "us-central"
  }
  labels {
    key: "servicecontrol.googleapis.com/platform"
    value: "GKE"
  }
  labels {
    key: "servicecontrol.googleapis.com/service_agent"
    value: "ESP/{{service_agent_version}}"
  }
  labels {
    key: "servicecontrol.googleapis.com/user_agent"
    value: "ESP"
  }
  labels {
    key: "serviceruntime.googleapis.com/api_method"
    value: "api-method"
  }
  labels {
    key: "serviceruntime.googleapis.com/api_version"
    value: "api-version"
  }
  metric_value_sets {
    metric_name: "serviceruntime.googleapis.com/api/producer/request_count"
    metric_values {
      int64_value: 1
    }
  }
  metric_value_sets {
    metric_name: "serviceruntime.googleapis.com/api/producer/request_sizes"
    metric_values {
      distribution_value {
        count: 1
        mean: 100
        minimum: 100
        maximum: 100
        bucket_counts: 0
        bucket_counts: 0
        bucket_counts: 0
        bucket_counts: 1
        bucket_counts: 0
        bucket_counts: 0
        bucket_counts: 0
        bucket_counts: 0
        bucket_counts: 0
        bucket_counts: 0
        exponential_buckets {
          num_finite_buckets: 8
          growth_factor: 10
          scale: 1
        }
      }
    }
  }
  metric_value_sets {
    metric_name: "serviceruntime.googleapis.com/api/producer/response_sizes"
    metric_values {
      distribution_value {
        count: 1
        mean: 1048576
        minimum: 1048576
        maximum: 1048576
        bucket_counts: 0
        bucket_counts: 0
        bucket_counts: 0
        bucket_counts: 0
        bucket_counts: 0
        bucket_counts: 0
        bucket_counts: 0
        bucket_counts: 1
        bucket_counts: 0
        bucket_counts: 0
        exponential_buckets {
          num_finite_buckets: 8
          growth_factor: 10
          scale: 1
        }
      }
    }
  }
  metric_value_sets {
    metric_name: "serviceruntime.googleapis.com/api/producer/request_bytes"
    metric_values {
      int64_value: 100
    }
  }
  metric_value_sets {
    metric_name: "serviceruntime.googleapis.com/api/producer/response_bytes"
    metric_values {
      int64_value: 1048576
    }
  }
  metric_value_sets {
    metric_name: "serviceruntime.googleapis.com/api/producer/error_count"
    metric_values {
      int64_value: 1
    }
  }
  metric_value_sets {
    metric_name: "serviceruntime.googleapis.com/api/producer/total_latencies"
    metric_values {
      distribution_value {
        count: 1
        mean: 0.123
        minimum: 0.123
        maximum: 0.123
        bucket_counts: 0
        bucket_counts: 0
        bucket_counts: 0
        bucket_counts: 0
        bucket_counts: 0
        bucket_counts: 0
        bucket_counts: 0
        bucket_counts: 0
        bucket_counts: 0
        bucket_counts: 0
        bucket_counts: 0
        bucket_counts: 0
        bucket_counts: 0
        bucket_counts: 0
        bucket_counts: 0
        bucket_counts: 0
        bucket_counts: 0
        bucket_counts: 1
        bucket_counts: 0
        bucket_counts: 0
        bucket_counts: 0
        bucket_counts: 0
        bucket_counts: 0
        bucket_counts: 0
        bucket_counts: 0
        bucket_counts: 0
        bucket_counts: 0
        bucket_counts: 0
        bucket_counts: 0
        bucket_counts: 0
        bucket_counts: 0
        exponential_buckets {
          num_finite_buckets: 29
          growth_factor: 2
          scale: 1e-06
        }
      }
    }
  }
  metric_value_sets {
    metric_name: "serviceruntime.googleapis.com/api/producer/backend_latencies"
    metric_values {
      distribution_value {
        count: 1
        mean: 0.101
        minimum: 0.101
        maximum: 0.101
        bucket_counts: 0
        bucket_counts: 0
        bucket_counts: 0
        bucket_counts: 0
        bucket_counts: 0
        bucket_counts: 0
        bucket_counts: 0
        bucket_counts: 0
        bucket_counts: 0
        bucket_counts: 0
        bucket_counts: 0
        bucket_counts: 0
        bucket_counts: 0
        bucket_counts: 0
        bucket_counts: 0
        bucket_counts: 0
        bucket_counts: 0
        bucket_counts: 1
        bucket_counts: 0
        bucket_counts: 0
        bucket_counts: 0
        bucket_counts: 0
        bucket_counts: 0
        bucket_counts: 0
        bucket_counts: 0
        bucket_counts: 0
        bucket_counts: 0
        bucket_counts: 0
        bucket_counts: 0
        bucket_counts: 0
        bucket_counts: 0
        exponential_buckets {
          num_finite_buckets: 29
          growth_factor: 2
          scale: 1e-06
        }
      }
    }
  }
  metric_value_sets {
    metric_name: "serviceruntime.googleapis.com/api/producer/request_overhead_latencies"
    metric_values {
      distribution_value {
        count: 1
        mean: 0.022
        minimum: 0.022
        maximum: 0.022
        bucket_counts: 0
        bucket_counts: 0
        bucket_counts: 0
        bucket_counts: 0
        bucket_counts: 0
        bucket_counts: 0
        bucket_counts: 0
        bucket_counts: 0
        bucket_counts: 0
        bucket_counts: 0
        bucket_counts: 0
        bucket_counts: 0
        bucket_counts: 0
        bucket_counts: 0
        bucket_counts: 0
        bucket_counts: 1
        bucket_counts: 0
        bucket_counts: 0
        bucket_counts: 0
        bucket_counts: 0
        bucket_counts: 0
        bucket_counts: 0
        bucket_counts: 0
        bucket_counts: 0
        bucket_counts: 0
        bucket_counts: 0
        bucket_counts: 0
        bucket_counts: 0
        bucket_counts: 0
        bucket_counts: 0
        bucket_counts: 0
        exponential_buckets {
          num_finite_buckets: 29
          growth_factor: 2
          scale: 1e-06
        }
      }
    }
  }
  log_entries {
    struct_payload {
      fields {
        key: "api_method"
        value {
          string_value: "api-method"
        }
      }
      fields {
        key: "api_name"
        value {
          string_value: "api-name"
        }
      }
      fields {
        key: "api_version"
        value {
          string_value: "api-version"
        }
      }
      fields {
        key: "error_cause"
        value {
          string_value: "application"
        }
      }
      fields {
        key: "http_response_code"
        value {
          number_value: 401
        }
      }
      fields {
        key: "location"
        value {
          string_value: "us-central"
        }
      }
      fields {
        key: "log_message"
        value {
          string_value: "test-method is called"
        }
      }
      fields {
        key: "producer_project_id"
        value {
          string_value: "project_id"
        }
      }
      fields {
        key: "referer"
        value {
          string_value: "referer"
        }
      }
      fields {
        key: "request_latency_in_ms"
        value {
          number_value: 123
        }
      }
      fields {
        key: "request_size_in_bytes"
        value {
          number_value: 100
        }
      }
      fields {
        key: "response_size_in_bytes"
        value {
          number_value: 1048576
        }
      }
    }
    name: "local_test_log"
    timestamp {
      seconds: 100000
      nanos: 100000
    }
    severity: ERROR
  }
}
service_config_id: "2016-09-19r0"
