service_name: "endpoints-test.cloudendpointsapis.com"
operations: <
  operation_name: "ListShelves"
  consumer_id: "project:endpoints-test"
  labels: <
    key: "/error_type"
    value: "5xx"
  >
  labels: <
    key: "/protocol"
    value: "http"
  >
  labels: <
    key: "/response_code"
    value: "503"
  >
  labels: <
    key: "/response_code_class"
    value: "5xx"
  >
  labels: <
    key: "/status_code"
    value: "14"
  >
  labels: <
    key: "cloud.googleapis.com/location"
    value: "us-central1"
  >
  labels: <
    key: "servicecontrol.googleapis.com/platform"
    value: "unknown"
  >
  labels: <
    key: "servicecontrol.googleapis.com/service_agent"
    value: "ESP/"
  >
  labels: <
    key: "servicecontrol.googleapis.com/user_agent"
    value: "ESP"
  >
  labels: <
    key: "serviceruntime.googleapis.com/api_method"
    value: "ListShelves"
  >
  labels: <
    key: "serviceruntime.googleapis.com/api_version"
    value: "endpoints-test.cloudendpointsapis.com"
  >
  metric_value_sets: <
    metric_name: "serviceruntime.googleapis.com/api/consumer/request_count"
    metric_values: <
      int64_value: 1
    >
  >
  metric_value_sets: <
    metric_name: "serviceruntime.googleapis.com/api/producer/request_count"
    metric_values: <
      int64_value: 1
    >
  >
  metric_value_sets: <
    metric_name: "serviceruntime.googleapis.com/api/consumer/request_sizes"
    metric_values: <
      distribution_value: <
        count: 1
        mean: 39
        minimum: 39
        maximum: 39
        bucket_counts: 0
        bucket_counts: 0
        bucket_counts: 1
        bucket_counts: 0
        bucket_counts: 0
        bucket_counts: 0
        bucket_counts: 0
        bucket_counts: 0
        bucket_counts: 0
        bucket_counts: 0
        exponential_buckets: <
          num_finite_buckets: 8
          growth_factor: 10
          scale: 1
        >
      >
    >
  >
  metric_value_sets: <
    metric_name: "serviceruntime.googleapis.com/api/producer/request_sizes"
    metric_values: <
      distribution_value: <
        count: 1
        mean: 39
        minimum: 39
        maximum: 39
        bucket_counts: 0
        bucket_counts: 0
        bucket_counts: 1
        bucket_counts: 0
        bucket_counts: 0
        bucket_counts: 0
        bucket_counts: 0
        bucket_counts: 0
        bucket_counts: 0
        bucket_counts: 0
        exponential_buckets: <
          num_finite_buckets: 8
          growth_factor: 10
          scale: 1
        >
      >
    >
  >
  metric_value_sets: <
    metric_name: "serviceruntime.googleapis.com/api/producer/by/consumer/request_sizes"
    metric_values: <
      distribution_value: <
        count: 1
        mean: 39
        minimum: 39
        maximum: 39
        bucket_counts: 0
        bucket_counts: 0
        bucket_counts: 1
        bucket_counts: 0
        bucket_counts: 0
        bucket_counts: 0
        bucket_counts: 0
        bucket_counts: 0
        bucket_counts: 0
        bucket_counts: 0
        exponential_buckets: <
          num_finite_buckets: 8
          growth_factor: 10
          scale: 1
        >
      >
    >
  >
  metric_value_sets: <
    metric_name: "serviceruntime.googleapis.com/api/consumer/response_sizes"
    metric_values: <
      distribution_value: <
        count: 1
        mean: 208
        minimum: 208
        maximum: 208
        bucket_counts: 0
        bucket_counts: 0
        bucket_counts: 0
        bucket_counts: 0
        bucket_counts: 1
        bucket_counts: 0
        bucket_counts: 0
        bucket_counts: 0
        bucket_counts: 0
        bucket_counts: 0
        exponential_buckets: <
          num_finite_buckets: 8
          growth_factor: 10
          scale: 1
        >
      >
    >
  >
  metric_value_sets: <
    metric_name: "serviceruntime.googleapis.com/api/producer/response_sizes"
    metric_values: <
      distribution_value: <
        count: 1
        mean: 208
        minimum: 208
        maximum: 208
        bucket_counts: 0
        bucket_counts: 0
        bucket_counts: 0
        bucket_counts: 0
        bucket_counts: 1
        bucket_counts: 0
        bucket_counts: 0
        bucket_counts: 0
        bucket_counts: 0
        bucket_counts: 0
        exponential_buckets: <
          num_finite_buckets: 8
          growth_factor: 10
          scale: 1
        >
      >
    >
  >
  metric_value_sets: <
    metric_name: "serviceruntime.googleapis.com/api/consumer/error_count"
    metric_values: <
      int64_value: 1
    >
  >
  metric_value_sets: <
    metric_name: "serviceruntime.googleapis.com/api/producer/error_count"
    metric_values: <
      int64_value: 1
    >
  >
  log_entries: <
    name: "endpoints_log"
    severity: ERROR
    struct_payload: <
      fields: <
        key: "api_method"
        value: <
          string_value: "ListShelves"
        >
      >
      fields: <
        key: "api_name"
        value: <
          string_value: "endpoints-test.cloudendpointsapis.com"
        >
      >
      fields: <
        key: "http_method"
        value: <
          string_value: "GET"
        >
      >
      fields: <
        key: "http_response_code"
        value: <
          number_value: 503
        >
      >
      fields: <
        key: "location"
        value: <
          string_value: "us-central1"
        >
      >
      fields: <
        key: "log_message"
        value: <
          string_value: "Method: ListShelves"
        >
      >
      fields: <
        key: "producer_project_id"
        value: <
          string_value: "endpoints-test"
        >
      >
      fields: <
        key: "request_size"
        value: <
          number_value: 39
        >
      >
      fields: <
        key: "response_size"
        value: <
          number_value: 208
        >
      >
      fields: <
        key: "url"
        value: <
          string_value: "/shelves"
        >
      >
    >
  >
>
